#
#    Lorica test file list. 
#    Copyright (C) 2007-2008 OMC Denmark ApS.
#
#    This program is free software; you can redistribute it and/or modify
#    it under the terms of the GNU General Public License as published by
#    the Free Software Foundation; either version 2 of the License, or
#    (at your option) any later version.
#
#    This program is distributed in the hope that it will be useful,
#    but WITHOUT ANY WARRANTY; without even the implied warranty of
#    MERCHANTABILITY or FITNESS FOR A PARTICULAR PURPOSE.  See the
#    GNU General Public License for more details.
#
#    You should have received a copy of the GNU General Public License
#    along with this program; if not, write to the Free Software
#    Foundation, Inc., 59 Temple Place, Suite 330, Boston, MA 02111-1307 USA
#

#
# This is the list of Lorica's run_test.pl's that need to be run by
# auto_run_tests.pl.
# Each line has its own test, and a test can be followed by a
# list of configurations it does _not_ run on.
#
# Example: TAO\examples\foo\run_test.pl: !MINIMUM !CORBA_E_COMPACT !CORBA_E_MICRO !ST
#

./exception/run_test.pl
./mapForClient/run_test.pl
./mapForClientWithCorbaloc/run_test.pl
./mapForServer/run_test.pl
./genericEvaluator/basic/run_test.pl
./genericEvaluator/basic_collocate/run_test.pl
./genericEvaluator/callback/run_test.pl
./genericEvaluator/logging/run_test.pl
./genericEvaluator/persistence_ifr/run_test.pl
./genericEvaluator/server_agent/run_test.pl
./genericEvaluator/union/run_test.pl
./genericEvaluator/unbind/run_test.pl
